// Jest Snapshot v1, https://goo.gl/fbAQLP

exports[`My first snapshot test testing ContactForm 1`] = `
<div
  className="MuiContainer-root MuiContainer-maxWidthSm"
>
  <form
    id="contact-form"
    onSubmit={[Function]}
  >
    <div
      className="MuiGrid-root MuiGrid-container MuiGrid-direction-xs-column MuiGrid-align-items-xs-center MuiGrid-justify-content-xs-center"
      style={
        Object {
          "gap": "10px",
        }
      }
    >
      <div
        className="MuiGrid-root MuiGrid-container MuiGrid-spacing-xs-2 MuiGrid-align-items-xs-center MuiGrid-justify-content-xs-center"
      >
        <div
          className="MuiGrid-root MuiGrid-item MuiGrid-grid-xs-6"
        >
          <div
            className="MuiFormControl-root MuiTextField-root MuiFormControl-fullWidth"
          >
            <label
              className="MuiFormLabel-root MuiInputLabel-root MuiInputLabel-formControl MuiInputLabel-animated"
              data-shrink={false}
              htmlFor="contact-firstname"
              id="contact-firstname-label"
            >
              First Name *
            </label>
            <div
              className="MuiInputBase-root MuiInput-root MuiInput-underline MuiInputBase-fullWidth MuiInput-fullWidth MuiInputBase-formControl MuiInput-formControl"
              onClick={[Function]}
            >
              <input
                aria-invalid={false}
                autoComplete="off"
                autoFocus={false}
                className="MuiInputBase-input MuiInput-input"
                disabled={false}
                id="contact-firstname"
                name="firstName"
                onAnimationStart={[Function]}
                onBlur={[Function]}
                onChange={[Function]}
                onFocus={[Function]}
                required={false}
                type="text"
                value=""
              />
            </div>
            
          </div>
        </div>
        <div
          className="MuiGrid-root MuiGrid-item MuiGrid-grid-xs-6"
        >
          <div
            className="MuiFormControl-root MuiTextField-root MuiFormControl-fullWidth"
          >
            <label
              className="MuiFormLabel-root MuiInputLabel-root MuiInputLabel-formControl MuiInputLabel-animated"
              data-shrink={false}
              htmlFor="contact-lastname"
              id="contact-lastname-label"
            >
              Last Name *
            </label>
            <div
              className="MuiInputBase-root MuiInput-root MuiInput-underline MuiInputBase-fullWidth MuiInput-fullWidth MuiInputBase-formControl MuiInput-formControl"
              onClick={[Function]}
            >
              <input
                aria-invalid={false}
                autoComplete="off"
                autoFocus={false}
                className="MuiInputBase-input MuiInput-input"
                disabled={false}
                id="contact-lastname"
                name="lastName"
                onAnimationStart={[Function]}
                onBlur={[Function]}
                onChange={[Function]}
                onFocus={[Function]}
                required={false}
                type="text"
                value=""
              />
            </div>
            
          </div>
        </div>
      </div>
      <div
        className="MuiGrid-root MuiGrid-container MuiGrid-align-items-xs-center MuiGrid-justify-content-xs-center"
      >
        <div
          className="MuiGrid-root MuiGrid-item MuiGrid-grid-xs-12"
        >
          <div
            className="MuiFormControl-root MuiTextField-root MuiFormControl-fullWidth"
          >
            <label
              className="MuiFormLabel-root MuiInputLabel-root MuiInputLabel-formControl MuiInputLabel-animated"
              data-shrink={false}
              htmlFor="contact-email"
              id="contact-email-label"
            >
              Email *
            </label>
            <div
              className="MuiInputBase-root MuiInput-root MuiInput-underline MuiInputBase-fullWidth MuiInput-fullWidth MuiInputBase-formControl MuiInput-formControl"
              onClick={[Function]}
            >
              <input
                aria-invalid={false}
                autoComplete="off"
                autoFocus={false}
                className="MuiInputBase-input MuiInput-input"
                disabled={false}
                id="contact-email"
                name="email"
                onAnimationStart={[Function]}
                onBlur={[Function]}
                onChange={[Function]}
                onFocus={[Function]}
                required={false}
                type="text"
                value=""
              />
            </div>
            
          </div>
        </div>
        <div
          className="MuiGrid-root MuiGrid-item MuiGrid-grid-xs-12"
        >
          <div
            className="MuiFormControl-root MuiTextField-root MuiFormControl-fullWidth"
          >
            <label
              className="MuiFormLabel-root MuiInputLabel-root MuiInputLabel-formControl MuiInputLabel-animated"
              data-shrink={false}
              htmlFor="contact-association"
              id="contact-association-label"
            >
              Association
            </label>
            <div
              className="MuiInputBase-root MuiInput-root MuiInput-underline MuiInputBase-fullWidth MuiInput-fullWidth MuiInputBase-formControl MuiInput-formControl"
              onClick={[Function]}
            >
              <input
                aria-invalid={false}
                autoComplete="off"
                autoFocus={false}
                className="MuiInputBase-input MuiInput-input"
                disabled={false}
                id="contact-association"
                name="association"
                onAnimationStart={[Function]}
                onBlur={[Function]}
                onChange={[Function]}
                onFocus={[Function]}
                required={false}
                type="text"
                value=""
              />
            </div>
          </div>
        </div>
        <div
          className="MuiGrid-root MuiGrid-item MuiGrid-grid-xs-12"
          style={
            Object {
              "paddingTop": "8px",
            }
          }
        >
          <div
            className="MuiFormControl-root MuiTextField-root MuiFormControl-fullWidth"
          >
            <label
              className="MuiFormLabel-root MuiInputLabel-root MuiInputLabel-formControl MuiInputLabel-animated MuiInputLabel-outlined"
              data-shrink={false}
              htmlFor="contact-message"
              id="contact-message-label"
            >
              Message *
            </label>
            <div
              className="MuiInputBase-root MuiOutlinedInput-root MuiInputBase-fullWidth MuiInputBase-formControl MuiInputBase-multiline MuiOutlinedInput-multiline"
              onClick={[Function]}
            >
              <textarea
                aria-invalid={false}
                autoComplete="off"
                autoFocus={false}
                className="MuiInputBase-input MuiOutlinedInput-input MuiInputBase-inputMultiline MuiOutlinedInput-inputMultiline"
                disabled={false}
                id="contact-message"
                name="message"
                onAnimationStart={[Function]}
                onBlur={[Function]}
                onChange={[Function]}
                onFocus={[Function]}
                required={false}
                rows={4}
                value=""
              />
              <fieldset
                aria-hidden={true}
                className="PrivateNotchedOutline-root-1 MuiOutlinedInput-notchedOutline"
              >
                <legend
                  className="PrivateNotchedOutline-legendLabelled-3"
                >
                  <span>
                    Message *
                  </span>
                </legend>
              </fieldset>
            </div>
            
          </div>
        </div>
      </div>
      <div
        className="MuiGrid-root MuiGrid-container MuiGrid-direction-xs-column MuiGrid-align-items-xs-center MuiGrid-justify-content-xs-center"
        style={
          Object {
            "paddingTop": "8px",
          }
        }
      >
        <div
          className="MuiCircularProgress-root MuiCircularProgress-colorPrimary MuiCircularProgress-indeterminate"
          role="progressbar"
          style={
            Object {
              "display": "none",
              "height": 40,
              "width": 40,
            }
          }
        >
          <svg
            className="MuiCircularProgress-svg"
            viewBox="22 22 44 44"
          >
            <circle
              className="MuiCircularProgress-circle MuiCircularProgress-circleIndeterminate"
              cx={44}
              cy={44}
              fill="none"
              r={20.2}
              strokeWidth={3.6}
              style={Object {}}
            />
          </svg>
        </div>
        <button
          className="MuiButtonBase-root MuiButton-root MuiButton-contained MuiButton-containedPrimary"
          disabled={false}
          onBlur={[Function]}
          onDragLeave={[Function]}
          onFocus={[Function]}
          onKeyDown={[Function]}
          onKeyUp={[Function]}
          onMouseDown={[Function]}
          onMouseLeave={[Function]}
          onMouseUp={[Function]}
          onTouchEnd={[Function]}
          onTouchMove={[Function]}
          onTouchStart={[Function]}
          style={
            Object {
              "display": "block",
            }
          }
          tabIndex={0}
          type="submit"
        >
          <span
            className="MuiButton-label"
          >
            Submit
          </span>
        </button>
      </div>
    </div>
  </form>
</div>
`;
